=== x86_64-pc-windows-msvc ===
   Compiling wasmtime-internal-fiber v49.0.0
   Compiling cranelift-native v0.136.0
   Compiling cranelift-frontend v0.136.0
   Compiling futures-task v0.3.34
   Compiling rand_core v0.10.1
   Compiling scopeguard v1.2.0
   Compiling simdutf8 v0.1.5
   Compiling core_detect v1.0.0
   Compiling io-extras v0.19.0
   Compiling encoding_rs v0.8.41
   Compiling getrandom v0.4.3
   Compiling futures-util v0.3.34
   Compiling wasmtime-internal-cranelift v49.0.0
   Compiling wasmtime v49.0.0
   Compiling idna_adapter v1.2.2
   Compiling rayon v1.12.0
   Compiling windows-sys v0.60.2
   Compiling io-lifetimes v2.0.4
   Compiling libc v0.2.189
   Compiling tracing-core v0.1.36
   Compiling io-lifetimes v3.0.1
   Compiling futures-channel v0.3.34
   Compiling wasmtime-internal-jit-icache-coherence v49.0.0
   Compiling rustix v1.1.5
   Compiling bytes v1.12.1
   Compiling futures-io v0.3.34
   Compiling cpufeatures v0.3.1
   Compiling percent-encoding v2.3.2
   Compiling chacha20 v0.10.2
   Compiling form_urlencoded v1.2.2
   Compiling futures v0.3.34
   Compiling cap-primitives v4.0.3
   Compiling tracing v0.1.44
   Compiling fs-set-times v0.20.3
   Compiling idna v1.1.0
   Compiling winx v0.36.4
   Compiling socket2 v0.6.5
   Compiling errno v0.3.14
   Compiling mio v1.2.3
   Compiling ambient-authority v0.0.2
   Compiling ipnet v2.12.2
   Compiling maybe-owned v0.3.4
   Compiling tokio v1.53.1
   Compiling url v2.5.8
   Compiling rand v0.10.3
   Compiling wasmtime-wasi-io v49.0.0
   Compiling wasmtime-wasi v49.0.0
   Compiling host v0.1.0 (/home/debian/projects/lca/phase0/host)
    Finished `release` profile [optimized] target(s) in 1m 51s
x86_64-pc-windows-msvc OK
=== aarch64-pc-windows-msvc ===
   Compiling icu_properties v2.3.0
   Compiling wasmtime-internal-fiber v49.0.0
   Compiling encoding_rs v0.8.41
   Compiling windows-sys v0.59.0
   Compiling wasmtime-internal-unwinder v49.0.0
   Compiling cranelift-native v0.136.0
   Compiling cranelift-frontend v0.136.0
   Compiling scopeguard v1.2.0
   Compiling simdutf8 v0.1.5
   Compiling futures-task v0.3.34
   Compiling rand_core v0.10.1
   Compiling futures-util v0.3.34
   Compiling wasmtime-internal-cranelift v49.0.0
   Compiling idna_adapter v1.2.2
   Compiling io-extras v0.19.0
   Compiling getrandom v0.4.3
   Compiling wasmtime v49.0.0
   Compiling rayon v1.12.0
   Compiling io-lifetimes v2.0.4
   Compiling windows-sys v0.60.2
   Compiling libc v0.2.189
   Compiling io-lifetimes v3.0.1
   Compiling futures-channel v0.3.34
   Compiling tracing-core v0.1.36
   Compiling wasmtime-internal-jit-icache-coherence v49.0.0
   Compiling futures-io v0.3.34
   Compiling percent-encoding v2.3.2
   Compiling bytes v1.12.1
   Compiling cap-primitives v4.0.3
   Compiling rustix v1.1.5
   Compiling tracing v0.1.44
   Compiling form_urlencoded v1.2.2
   Compiling futures v0.3.34
   Compiling fs-set-times v0.20.3
   Compiling idna v1.1.0
   Compiling winx v0.36.4
   Compiling chacha20 v0.10.2
   Compiling errno v0.3.14
   Compiling socket2 v0.6.5
   Compiling mio v1.2.3
   Compiling ipnet v2.12.2
   Compiling ambient-authority v0.0.2
   Compiling maybe-owned v0.3.4
   Compiling tokio v1.53.1
   Compiling rand v0.10.3
   Compiling url v2.5.8
   Compiling wasmtime-wasi-io v49.0.0
   Compiling wasmtime-wasi v49.0.0
   Compiling host v0.1.0 (/home/debian/projects/lca/phase0/host)
    Finished `release` profile [optimized] target(s) in 2m 09s
aarch64-pc-windows-msvc OK
windows done
